
[DEBUG] === SETUP START ===
[DEBUG] Found window: main
[DEBUG] Found webview: main
[DEBUG] Adding child webview browser-viewport to main window
[DEBUG] CLIENT_EVENT: main.tsx top-level invoke executed successfully
[DEBUG] navigate_browser_view to: http://localhost:8188
[DEBUG] === SETUP START ===
[DEBUG] Found window: main
[DEBUG] Found webview: main
[DEBUG] Adding child webview browser-viewport to main window
[DEBUG] navigate_browser_view to: http://localhost:8188
[DEBUG] CLIENT_EVENT: handleMinimize called
[DEBUG] app_minimize CALLED
[DEBUG] app_minimize: found window 'main'
[DEBUG] app_minimize result: Ok(())
[DEBUG] CLIENT_EVENT: handleToggleMaximize called
[DEBUG] app_toggle_maximize CALLED
[DEBUG] app_toggle_maximize: maximized
[DEBUG] CLIENT_EVENT: handleToggleMaximize called
[DEBUG] app_toggle_maximize CALLED
[DEBUG] app_toggle_maximize: unmaximized
[DEBUG] CLIENT_EVENT: handleClose called
[DEBUG] app_close CALLED
[DEBUG] app_close: closing window 'main'
[DEBUG] app_close: exiting app
[DEBUG] === SETUP START ===
[DEBUG] Found window: main
[DEBUG] Found webview: main
[DEBUG] Adding child webview browser-viewport to main window
[DEBUG] navigate_browser_view to: http://localhost:8188
[DEBUG] CLIENT_EVENT: handleStartDrag starting native drag
[DEBUG] CLIENT_EVENT: handleStartDrag starting native drag
[DEBUG] app_start_dragging CALLED
[DEBUG] app_start_dragging result: Ok(())
[DEBUG] app_start_dragging CALLED
[DEBUG] app_start_dragging result: Ok(())
[DEBUG] CLIENT_EVENT: handleStartDrag starting native drag
[DEBUG] CLIENT_EVENT: handleStartDrag starting native drag
[DEBUG] app_start_dragging CALLED
[DEBUG] app_start_dragging result: Ok(())
[DEBUG] app_start_dragging CALLED
[DEBUG] app_start_dragging result: Ok(())
[DEBUG] CLIENT_EVENT: handleStartDrag starting native drag
[DEBUG] CLIENT_EVENT: handleStartDrag starting native drag
[DEBUG] app_start_dragging CALLED
[DEBUG] app_start_dragging result: Ok(())
[DEBUG] app_start_dragging CALLED
[DEBUG] app_start_dragging result: Ok(())
[DEBUG] CLIENT_EVENT: handleStartDrag starting native drag
[DEBUG] CLIENT_EVENT: handleStartDrag starting native drag
[DEBUG] app_start_dragging CALLED
[DEBUG] app_start_dragging result: Ok(())
[DEBUG] app_start_dragging CALLED
[DEBUG] app_start_dragging result: Ok(())
[DEBUG] CLIENT_EVENT: handleOpenDevTools called
[DEBUG] app_open_devtools CALLED
[DEBUG] app_open_devtools: opening devtools on 'main'
[DEBUG] CLIENT_EVENT: handleStartDrag starting native drag
[DEBUG] CLIENT_EVENT: handleStartDrag starting native drag
[DEBUG] app_start_dragging CALLED
[DEBUG] app_start_dragging result: Ok(())
[DEBUG] app_start_dragging CALLED
[DEBUG] app_start_dragging result: Ok(())
[DEBUG] navigate_browser_view to: https://www.youtube.com
[DEBUG] CLIENT_EVENT: handleClose called
[DEBUG] app_close CALLED
[DEBUG] app_close: closing window 'main'
[DEBUG] app_close: exiting app
[DEBUG] === SETUP START ===
[DEBUG] Found window: main
[DEBUG] Found webview: main
[DEBUG] Adding child webview browser-viewport to main window
[DEBUG] navigate_browser_view to: http://localhost:8188
[DEBUG] CLIENT_EVENT: handleStartDrag starting native drag
[DEBUG] CLIENT_EVENT: handleStartDrag starting native drag
[DEBUG] app_start_dragging CALLED
[DEBUG] app_start_dragging result: Ok(())
[DEBUG] app_start_dragging CALLED
[DEBUG] app_start_dragging result: Ok(())
[DEBUG] CLIENT_EVENT: handleToggleMaximize called
[DEBUG] app_toggle_maximize CALLED
[DEBUG] app_toggle_maximize: maximized
[DEBUG] CLIENT_EVENT: handleToggleMaximize called
[DEBUG] app_toggle_maximize CALLED
[DEBUG] app_toggle_maximize: unmaximized
[DEBUG] CLIENT_EVENT: handleMinimize called
[DEBUG] app_minimize CALLED
[DEBUG] app_minimize: found window 'main'
[DEBUG] app_minimize result: Ok(())
[DEBUG] CLIENT_EVENT: handleOpenDevTools called
[DEBUG] app_open_devtools CALLED
[DEBUG] app_open_devtools: opening devtools on 'main'
[DEBUG] navigate_browser_view to: https://www.youtube.com
[DEBUG] CLIENT_EVENT: handleClose called
[DEBUG] app_close CALLED
[DEBUG] app_close: closing window 'main'
[DEBUG] app_close: exiting app
